Component: ARM Compiler 5.06 update 6 (build 750) Tool: armlink [4d35ed]

==============================================================================

Section Cross References

    startup_stm32f10x_hd.o(STACK) refers (Special) to heapauxi.o(.text) for __use_two_region_memory
    startup_stm32f10x_hd.o(HEAP) refers (Special) to heapauxi.o(.text) for __use_two_region_memory
    startup_stm32f10x_hd.o(RESET) refers (Special) to heapauxi.o(.text) for __use_two_region_memory
    startup_stm32f10x_hd.o(RESET) refers to startup_stm32f10x_hd.o(STACK) for __initial_sp
    startup_stm32f10x_hd.o(RESET) refers to startup_stm32f10x_hd.o(.text) for Reset_Handler
    startup_stm32f10x_hd.o(RESET) refers to chaosheng.o(.text) for TIM1_CC_IRQHandler
    startup_stm32f10x_hd.o(RESET) refers to encoder.o(.text) for TIM2_IRQHandler
    startup_stm32f10x_hd.o(RESET) refers to usart.o(.text) for USART2_IRQHandler
    startup_stm32f10x_hd.o(RESET) refers to usartx.o(.text) for USART3_IRQHandler
    startup_stm32f10x_hd.o(RESET) refers to control.o(.text) for EXTI15_10_IRQHandler
    startup_stm32f10x_hd.o(.text) refers (Special) to heapauxi.o(.text) for __use_two_region_memory
    startup_stm32f10x_hd.o(.text) refers to __main.o(!!!main) for __main
    startup_stm32f10x_hd.o(.text) refers to startup_stm32f10x_hd.o(HEAP) for Heap_Mem
    startup_stm32f10x_hd.o(.text) refers to startup_stm32f10x_hd.o(STACK) for Stack_Mem
    minibalance.o(.text) refers to sys.o(.text) for Stm32_Clock_Init
    minibalance.o(.text) refers to delay.o(.text) for delay_init
    minibalance.o(.text) refers to led.o(.text) for LED_Init
    minibalance.o(.text) refers to motor.o(.text) for MiniBalance_PWM_Init
    minibalance.o(.text) refers to oled.o(.text) for OLED_Init
    minibalance.o(.text) refers to daddsub_clz.o(x$fpl$dadd) for __aeabi_dadd
    minibalance.o(.text) refers to ddiv.o(x$fpl$ddiv) for __aeabi_ddiv
    minibalance.o(.text) refers to daddsub_clz.o(x$fpl$dsub) for __aeabi_dsub
    minibalance.o(.text) refers to usart.o(.text) for uart_init
    minibalance.o(.text) refers to usartx.o(.text) for uart3_init
    minibalance.o(.text) refers to encoder.o(.text) for Encoder_Init_TIM2
    minibalance.o(.text) refers to ioi2c.o(.text) for IIC_Init
    minibalance.o(.text) refers to mpu6050.o(.text) for MPU6050_initialize
    minibalance.o(.text) refers to exti.o(.text) for EXTI_Init
    minibalance.o(.text) refers to show.o(.text) for oled_show
    minibalance.o(.text) refers to minibalance.o(.data) for xmin
    delay.o(.text) refers to delay.o(.data) for fac_us
    sys.o(.text) refers to sys.o(.emb_text) for WFI_SET
    usart.o(.text) refers (Special) to use_no_semi_2.o(.text) for __use_no_semihosting
    usart.o(.text) refers to fflt_clz.o(x$fpl$ffltu) for __aeabi_ui2f
    usart.o(.text) refers to fdiv.o(x$fpl$fdiv) for __aeabi_fdiv
    usart.o(.text) refers to ffixu.o(x$fpl$ffixu) for __aeabi_f2uiz
    usart.o(.text) refers to faddsub_clz.o(x$fpl$frsb) for __aeabi_frsub
    usart.o(.text) refers to fmul.o(x$fpl$fmul) for __aeabi_fmul
    usart.o(.text) refers to sys.o(.text) for MY_NVIC_Init
    usart.o(.text) refers to minibalance.o(.data) for set_pwm_flag
    usart.o(.text) refers to usart.o(.data) for count
    usart.o(.data) refers (Special) to use_no_semi_2.o(.text) for __use_no_semihosting
    oled.o(.text) refers to delay.o(.text) for delay_ms
    oled.o(.text) refers to oled.o(.bss) for OLED_GRAM
    oled.o(.text) refers to oled.o(.constdata) for oled_asc2_1206
    usartx.o(.text) refers to fflt_clz.o(x$fpl$ffltu) for __aeabi_ui2f
    usartx.o(.text) refers to fdiv.o(x$fpl$fdiv) for __aeabi_fdiv
    usartx.o(.text) refers to ffixu.o(x$fpl$ffixu) for __aeabi_f2uiz
    usartx.o(.text) refers to faddsub_clz.o(x$fpl$frsb) for __aeabi_frsub
    usartx.o(.text) refers to fmul.o(x$fpl$fmul) for __aeabi_fmul
    usartx.o(.text) refers to sys.o(.text) for MY_NVIC_Init
    usartx.o(.text) refers to usartx.o(.data) for last_data
    usartx.o(.text) refers to minibalance.o(.data) for Usart_ON_Flag
    usartx.o(.text) refers to minibalance.o(.bss) for Urxbuf
    led.o(.text) refers to led.o(.data) for temp
    encoder.o(.text) refers to sys.o(.text) for MY_NVIC_Init
    ioi2c.o(.text) refers to delay.o(.text) for delay_us
    exti.o(.text) refers to sys.o(.text) for Ex_NVIC_Config
    chaosheng.o(.text) refers to sys.o(.text) for MY_NVIC_Init
    chaosheng.o(.text) refers to delay.o(.text) for delay_us
    chaosheng.o(.text) refers to dflt_clz.o(x$fpl$dfltu) for __aeabi_ui2d
    chaosheng.o(.text) refers to dmul.o(x$fpl$dmul) for __aeabi_dmul
    chaosheng.o(.text) refers to ddiv.o(x$fpl$ddiv) for __aeabi_ddiv
    chaosheng.o(.text) refers to d2f.o(x$fpl$d2f) for __aeabi_d2f
    chaosheng.o(.text) refers to chaosheng.o(.data) for TIM1CH1_CAPTURE_STA
    chaosheng.o(.text) refers to minibalance.o(.data) for Real_Distance
    hmc5883l.o(.text) refers to delay.o(.text) for delay_us
[...]
    x$fpl$fmul                               0x0800935c   Section      258  fmul.o(x$fpl$fmul)
    x$fpl$fnaninf                            0x0800945e   Section      140  fnaninf.o(x$fpl$fnaninf)
    x$fpl$fretinf                            0x080094ea   Section       10  fretinf.o(x$fpl$fretinf)
    x$fpl$frleqf                             0x080094f4   Section       98  frleqf.o(x$fpl$frleqf)
    x$fpl$frsb                               0x08009556   Section       20  faddsub_clz.o(x$fpl$frsb)
    x$fpl$fsub                               0x0800956c   Section      234  faddsub_clz.o(x$fpl$fsub)
    _fsub1                                   0x0800957b   Thumb Code     0  faddsub_clz.o(x$fpl$fsub)
    x$fpl$printf1                            0x08009656   Section        4  printf1.o(x$fpl$printf1)
    x$fpl$retnan                             0x0800965a   Section      100  retnan.o(x$fpl$retnan)
    x$fpl$scalbn                             0x080096be   Section       92  scalbn.o(x$fpl$scalbn)
    x$fpl$trapveneer                         0x0800971a   Section       48  trapv.o(x$fpl$trapveneer)
    .constdata                               0x0800974a   Section     2660  oled.o(.constdata)
    x$fpl$usenofp                            0x0800974a   Section        0  usenofp.o(x$fpl$usenofp)
    .constdata                               0x0800a1b0   Section       80  inv_mpu.o(.constdata)
    .constdata                               0x0800a200   Section     3062  inv_mpu_dmp_motion_driver.o(.constdata)
    dmp_memory                               0x0800a200   Data        3062  inv_mpu_dmp_motion_driver.o(.constdata)
    .constdata                               0x0800adf8   Section       80  asin.o(.constdata)
    pS                                       0x0800adf8   Data          48  asin.o(.constdata)
    qS                                       0x0800ae28   Data          32  asin.o(.constdata)
    .constdata                               0x0800ae48   Section      152  atan.o(.constdata)
    atanhi                                   0x0800ae48   Data          32  atan.o(.constdata)
    atanlo                                   0x0800ae68   Data          32  atan.o(.constdata)
    aTodd                                    0x0800ae88   Data          40  atan.o(.constdata)
    aTeven                                   0x0800aeb0   Data          48  atan.o(.constdata)
    .constdata                               0x0800aee0   Section       48  cos_i.o(.constdata)
    C                                        0x0800aee0   Data          48  cos_i.o(.constdata)
    .constdata                               0x0800af10   Section        8  qnan.o(.constdata)
    .constdata                               0x0800af18   Section      200  rred.o(.constdata)
    pio2s                                    0x0800af18   Data          48  rred.o(.constdata)
    twooverpi                                0x0800af48   Data         152  rred.o(.constdata)
    .constdata                               0x0800afe0   Section       40  sin_i.o(.constdata)
    S                                        0x0800afe0   Data          40  sin_i.o(.constdata)
    .constdata                               0x0800b008   Section      148  bigflt0.o(.constdata)
    tenpwrs_x                                0x0800b008   Data          60  bigflt0.o(.constdata)
    tenpwrs_i                                0x0800b044   Data          64  bigflt0.o(.constdata)
    .conststring                             0x0800b09c   Section       78  inv_mpu.o(.conststring)
    locale$$data                             0x0800b10c   Section       28  lc_numeric_c.o(locale$$data)
    __lcnum_c_name                           0x0800b110   Data           2  lc_numeric_c.o(locale$$data)
    __lcnum_c_start                          0x0800b118   Data           0  lc_numeric_c.o(locale$$data)
    __lcnum_c_point                          0x0800b124   Data           0  lc_numeric_c.o(locale$$data)
    __lcnum_c_thousands                      0x0800b126   Data           0  lc_numeric_c.o(locale$$data)
    __lcnum_c_grouping                       0x0800b127   Data           0  lc_numeric_c.o(locale$$data)
    __lcnum_c_end                            0x0800b128   Data           0  lc_numeric_c.o(locale$$data)
    .data                                    0x20000000   Section      265  minibalance.o(.data)
    .data                                    0x2000010a   Section        4  delay.o(.data)
    fac_us                                   0x2000010a   Data           1  delay.o(.data)
    fac_ms                                   0x2000010c   Data           2  delay.o(.data)
    .data                                    0x20000110   Section        9  usart.o(.data)
    count                                    0x20000118   Data           1  usart.o(.data)
    .data                                    0x20000119   Section        3  usartx.o(.data)
    last_data                                0x20000119   Data           1  usartx.o(.data)
    last_last_data                           0x2000011a   Data           1  usartx.o(.data)
    Usart_ON_Count                           0x2000011b   Data           1  usartx.o(.data)
    .data                                    0x2000011c   Section        4  led.o(.data)
    temp                                     0x2000011c   Data           4  led.o(.data)
    .data                                    0x20000120   Section        4  chaosheng.o(.data)
    .data                                    0x20000124   Section       44  inv_mpu.o(.data)
    st                                       0x20000124   Data          44  inv_mpu.o(.data)
    .data                                    0x20000150   Section       48  mpu6050.o(.data)
    gyro_orientation                         0x20000170   Data           9  mpu6050.o(.data)
    .data                                    0x20000180   Section       72  control.o(.data)
    send                                     0x20000194   Data           4  control.o(.data)
    Bias                                     0x20000198   Data           4  control.o(.data)
    Pwm                                      0x2000019c   Data           4  control.o(.data)
    Last_bias                                0x200001a0   Data           4  control.o(.data)
    Bias                                     0x200001a4   Data           4  control.o(.data)
    Pwm                                      0x200001a8   Data           4  control.o(.data)
    Last_bias                                0x200001ac   Data           4  control.o(.data)
    Bias                                     0x200001b0   Data           4  control.o(.data)
    Pwm                                      0x200001b4   Data           4  control.o(.data)
    Last_bias                                0x200001b8   Data           4  control.o(.data)
    Bias                                     0x200001bc   Data           4  control.o(.data)
    Pwm                                      0x200001c0   Data           4  control.o(.data)
    Last_bias                                0x200001c4   Data           4  control.o(.data)
    .bss                                     0x200001c8   Section       78  minibalance.o(.bss)
    .bss                                     0x20000216   Section     1024  oled.o(.bss)
    .bss                                     0x20000618   Section       16  inv_mpu_dmp_motion_driver.o(.bss)
    dmp                                      0x20000618   Data          16  inv_mpu_dmp_motion_driver.o(.bss)
    .bss                                     0x20000628   Section      146  mpu6050.o(.bss)
    .bss                                     0x200006bc   Section       96  libspace.o(.bss)
    HEAP                                     0x20000720   Section      512  startup_stm32f10x_hd.o(HEAP)
    Heap_Mem                                 0x20000720   Data         512  startup_stm32f10x_hd.o(HEAP)
    STACK                                    0x20000920   Section     1024  startup_stm32f10x_hd.o(STACK)
    Stack_Mem                                0x20000920   Data        1024  startup_stm32f10x_hd.o(STACK)
    __initial_sp                             0x20000d20   Data           0  startup_stm32f10x_hd.o(STACK)

    Global Symbols

    Symbol Name                              Value     Ov Type        Size  Object(Section)

    BuildAttributes$$THM_ISAv4$P$D$K$B$S$PE$A:L22UL41UL21$X:L11$S22US41US21$IEEE1$IW$USESV6$~STKCKD$USESV7$~SHL$OTIME$ROPI$IEEEX$EBA8$UX$STANDARDLIB$REQ8$PRES8$EABIv2 0x00000000   Number         0  anon$$obj.o ABSOLUTE
    __ARM_use_no_argv                        0x00000000   Number         0  minibalance.o ABSOLUTE
    __ARM_exceptions_init                     - Undefined Weak Reference
    __alloca_initialize                       - Undefined Weak Reference
    __arm_preinit_                            - Undefined Weak Reference
    __cpp_initialize__aeabi_                  - Undefined Weak Reference
    __cxa_finalize                            - Undefined Weak Reference
    __sigvec_lookup                           - Undefined Weak Reference
    _atexit_init                              - Undefined Weak Reference
    _call_atexit_fns                          - Undefined Weak Reference
    _clock_init                               - Undefined Weak Reference
    _fp_trap_init                             - Undefined Weak Reference
    _fp_trap_shutdown                         - Undefined Weak Reference
    _get_lc_collate                           - Undefined Weak Reference
    _get_lc_ctype                             - Undefined Weak Reference
    _get_lc_monetary                          - Undefined Weak Reference
    _get_lc_time                              - Undefined Weak Reference
    _getenv_init                              - Undefined Weak Reference
    _handle_redirection                       - Undefined Weak Reference
    _init_alloc                               - Undefined Weak Reference
    _init_user_alloc                          - Undefined Weak Reference
    _initio                                   - Undefined Weak Reference
    _mutex_acquire                            - Undefined Weak Reference
    _mutex_release                            - Undefined Weak Reference
    _printf_post_padding                      - Undefined Weak Reference
    _printf_pre_padding                       - Undefined Weak Reference
    _printf_truncate_signed                   - Undefined Weak Reference
    _printf_truncate_unsigned                 - Undefined Weak Reference
    _rand_init                                - Undefined Weak Reference
    _signal_finish                            - Undefined Weak Reference
    _signal_init                              - Undefined Weak Reference
    _terminate_alloc                          - Undefined Weak Reference
    _terminate_user_alloc                     - Undefined Weak Reference
    _terminateio                              - Undefined Weak Reference
    __Vectors_Size                           0x00000130   Number         0  startup_stm32f10x_hd.o ABSOLUTE
    __Vectors                                0x08000000   Data           4  startup_stm32f10x_hd.o(RESET)
    __Vectors_End                            0x08000130   Data           0  startup_stm32f10x_hd.o(RESET)
    __main                                   0x08000131   Thumb Code     8  __main.o(!!!main)
    __scatterload                            0x08000139   Thumb Code     0  __scatter.o(!!!scatter)
    __scatterload_rt2                        0x08000139   Thumb Code    44  __scatter.o(!!!scatter)
    __scatterload_rt2_thumb_only             0x08000139   Thumb Code     0  __scatter.o(!!!scatter)
    __scatterload_null                       0x08000147   Thumb Code     0  __scatter.o(!!!scatter)
    __decompress                             0x0800016d   Thumb Code    90  __dczerorl2.o(!!dczerorl2)
    __decompress1                            0x0800016d   Thumb Code     0  __dczerorl2.o(!!dczerorl2)
    __scatterload_zeroinit                   0x080001c9   Thumb Code    28  __scatter_zi.o(!!handler_zi)
    _printf_f                                0x080001e5   Thumb Code     0  _printf_f.o(.ARM.Collect$$_printf_percent$$00000003)
    _printf_percent                          0x080001e5   Thumb Code     0  _printf_percent.o(.ARM.Collect$$_printf_percent$$00000000)
    _printf_d                                0x080001eb   Thumb Code     0  _printf_d.o(.ARM.Collect$$_printf_percent$$00000009)
    _printf_percent_end                      0x080001f1   Thumb Code     0  _printf_percent_end.o(.ARM.Collect$$_printf_percent$$00000017)
    __rt_lib_init                            0x080001f5   Thumb Code     0  libinit.o(.ARM.Collect$$libinit$$00000000)
    __rt_lib_init_fp_1                       0x080001f7   Thumb Code     0  libinit2.o(.ARM.Collect$$libinit$$00000002)
    __rt_lib_init_heap_1                     0x080001f7   Thumb Code     0  libinit2.o(.ARM.Collect$$libinit$$0000000A)
    __rt_lib_init_lc_common                  0x080001f7   Thumb Code     0  libinit2.o(.ARM.Collect$$libinit$$0000000F)
    __rt_lib_init_preinit_1                  0x080001f7   Thumb Code     0  libinit2.o(.ARM.Collect$$libinit$$00000004)
    __rt_lib_init_rand_1                     0x080001f7   Thumb Code     0  libinit2.o(.ARM.Collect$$libinit$$0000000E)
    __rt_lib_init_user_alloc_1               0x080001f7   Thumb Code     0  libinit2.o(.ARM.Collect$$libinit$$0000000C)
    __rt_lib_init_lc_collate_1               0x080001fd   Thumb Code     0  libinit2.o(.ARM.Collect$$libinit$$00000011)
    __rt_lib_init_lc_ctype_1                 0x080001fd   Thumb Code     0  libinit2.o(.ARM.Collect$$libinit$$00000013)
    __rt_lib_init_lc_monetary_1              0x080001fd   Thumb Code     0  libinit2.o(.ARM.Collect$$libinit$$00000015)
    __rt_lib_init_lc_numeric_2               0x080001fd   Thumb Code     0  libinit2.o(.ARM.Collect$$libinit$$00000016)
    __rt_lib_init_alloca_1                   0x08000207   Thumb Code     0  libinit2.o(.ARM.Collect$$libinit$$0000002E)
    __rt_lib_init_argv_1                     0x08000207   Thumb Code     0  libinit2.o(.ARM.Collect$$libinit$$0000002C)
    __rt_lib_init_atexit_1                   0x08000207   Thumb Code     0  libinit2.o(.ARM.Collect$$libinit$$0000001B)
    __rt_lib_init_clock_1                    0x08000207   Thumb Code     0  libinit2.o(.ARM.Collect$$libinit$$00000021)
    __rt_lib_init_cpp_1                      0x08000207   Thumb Code     0  libinit2.o(.ARM.Collect$$libinit$$00000032)
    __rt_lib_init_exceptions_1               0x08000207   Thumb Code     0  libinit2.o(.ARM.Collect$$libinit$$00000030)
    __rt_lib_init_fp_trap_1                  0x08000207   Thumb Code     0  libinit2.o(.ARM.Collect$$libinit$$0000001F)
    __rt_lib_init_getenv_1                   0x08000207   Thumb Code     0  libinit2.o(.ARM.Collect$$libinit$$00000023)
    __rt_lib_init_lc_numeric_1               0x08000207   Thumb Code     0  libinit2.o(.ARM.Collect$$libinit$$00000017)
    __rt_lib_init_lc_time_1                  0x08000207   Thumb Code     0  libinit2.o(.ARM.Collect$$libinit$$00000019)
    __rt_lib_init_return                     0x08000207   Thumb Code     0  libinit2.o(.ARM.Collect$$libinit$$00000033)
    __rt_lib_init_signal_1                   0x08000207   Thumb Code     0  libinit2.o(.ARM.Collect$$libinit$$0000001D)
    __rt_lib_init_stdio_1                    0x08000207   Thumb Code     0  libinit2.o(.ARM.Collect$$libinit$$00000025)
    __rt_lib_shutdown                        0x08000209   Thumb Code     0  libshutdown.o(.ARM.Collect$$libshutdown$$00000000)
    __rt_lib_shutdown_cpp_1                  0x0800020b   Thumb Code     0  libshutdown2.o(.ARM.Collect$$libshutdown$$00000002)
    __rt_lib_shutdown_fp_trap_1              0x0800020b   Thumb Code     0  libshutdown2.o(.ARM.Collect$$libshutdown$$00000007)
    __rt_lib_shutdown_heap_1                 0x0800020b   Thumb Code     0  libshutdown2.o(.ARM.Collect$$libshutdown$$0000000F)
    __rt_lib_shutdown_return                 0x0800020b   Thumb Code     0  libshutdown2.o(.ARM.Collect$$libshutdown$$00000010)
    __rt_lib_shutdown_signal_1               0x0800020b   Thumb Code     0  libshutdown2.o(.ARM.Collect$$libshutdown$$0000000A)
    __rt_lib_shutdown_stdio_1                0x0800020b   Thumb Code     0  libshutdown2.o(.ARM.Collect$$libshutdown$$00000004)
    __rt_lib_shutdown_user_alloc_1           0x0800020b   Thumb Code     0  libshutdown2.o(.ARM.Collect$$libshutdown$$0000000C)
    __rt_entry                               0x0800020d   Thumb Code     0  __rtentry.o(.ARM.Collect$$rtentry$$00000000)
    __rt_entry_presh_1                       0x0800020d   Thumb Code     0  __rtentry2.o(.ARM.Collect$$rtentry$$00000002)
    __rt_entry_sh                            0x0800020d   Thumb Code     0  __rtentry4.o(.ARM.Collect$$rtentry$$00000004)
    __rt_entry_li                            0x08000213   Thumb Code     0  __rtentry2.o(.ARM.Collect$$rtentry$$0000000A)
    __rt_entry_postsh_1                      0x08000213   Thumb Code     0  __rtentry2.o(.ARM.Collect$$rtentry$$00000009)
    __rt_entry_main                          0x08000217   Thumb Code     0  __rtentry2.o(.ARM.Collect$$rtentry$$0000000D)
    __rt_entry_postli_1                      0x08000217   Thumb Code     0  __rtentry2.o(.ARM.Collect$$rtentry$$0000000C)
    __rt_exit                                0x0800021f   Thumb Code     0  rtexit.o(.ARM.Collect$$rtexit$$00000000)
    __rt_exit_ls                             0x08000221   Thumb Code     0  rtexit2.o(.ARM.Collect$$rtexit$$00000003)
    __rt_exit_prels_1                        0x08000221   Thumb Code     0  rtexit2.o(.ARM.Collect$$rtexit$$00000002)
    __rt_exit_exit                           0x08000225   Thumb Code     0  rtexit2.o(.ARM.Collect$$rtexit$$00000004)
    WFI_SET                                  0x0800022d   Thumb Code     2  sys.o(.emb_text)
    INTX_DISABLE                             0x0800022f   Thumb Code     2  sys.o(.emb_text)
    INTX_ENABLE                              0x08000231   Thumb Code     2  sys.o(.emb_text)
    MSR_MSP                                  0x08000233   Thumb Code     6  sys.o(.emb_text)
    Reset_Handler                            0x08000239   Thumb Code     4  startup_stm32f10x_hd.o(.text)
    NMI_Handler                              0x0800023d   Thumb Code     2  startup_stm32f10x_hd.o(.text)
    HardFault_Handler                        0x0800023f   Thumb Code     2  startup_stm32f10x_hd.o(.text)
    MemManage_Handler                        0x08000241   Thumb Code     2  startup_stm32f10x_hd.o(.text)
    BusFault_Handler                         0x08000243   Thumb Code     2  startup_stm32f10x_hd.o(.text)
    UsageFault_Handler                       0x08000245   Thumb Code     2  startup_stm32f10x_hd.o(.text)
    SVC_Handler                              0x08000247   Thumb Code     2  startup_stm32f10x_hd.o(.text)
    DebugMon_Handler                         0x08000249   Thumb Code     2  startup_stm32f10x_hd.o(.text)
    PendSV_Handler                           0x0800024b   Thumb Code     2  startup_stm32f10x_hd.o(.text)
    SysTick_Handler                          0x0800024d   Thumb Code     2  startup_stm32f10x_hd.o(.text)
    ADC1_2_IRQHandler                        0x0800024f   Thumb Code     0  startup_stm32f10x_hd.o(.text)
    ADC3_IRQHandler                          0x0800024f   Thumb Code     0  startup_stm32f10x_hd.o(.text)
    CAN1_RX1_IRQHandler                      0x0800024f   Thumb Code     0  startup_stm32f10x_hd.o(.text)
    CAN1_SCE_IRQHandler                      0x0800024f   Thumb Code     0  startup_stm32f10x_hd.o(.text)
    DMA1_Channel1_IRQHandler                 0x0800024f   Thumb Code     0  startup_stm32f10x_hd.o(.text)
    DMA1_Channel2_IRQHandler                 0x0800024f   Thumb Code     0  startup_stm32f10x_hd.o(.text)
    DMA1_Channel3_IRQHandler                 0x0800024f   Thumb Code     0  startup_stm32f10x_hd.o(.text)
    DMA1_Channel4_IRQHandler                 0x0800024f   Thumb Code     0  startup_stm32f10x_hd.o(.text)
    DMA1_Channel5_IRQHandler                 0x0800024f   Thumb Code     0  startup_stm32f10x_hd.o(.text)
    DMA1_Channel6_IRQHandler                 0x0800024f   Thumb Code     0  startup_stm32f10x_hd.o(.text)
    DMA1_Channel7_IRQHandler                 0x0800024f   Thumb Code     0  startup_stm32f10x_hd.o(.text)
    DMA2_Channel1_IRQHandler                 0x0800024f   Thumb Code     0  startup_stm32f10x_hd.o(.text)
    DMA2_Channel2_IRQHandler                 0x0800024f   Thumb Code     0  startup_stm32f10x_hd.o(.text)
    DMA2_Channel3_IRQHandler                 0x0800024f   Thumb Code     0  startup_stm32f10x_hd.o(.text)
    DMA2_Channel4_5_IRQHandler               0x0800024f   Thumb Code     0  startup_stm32f10x_hd.o(.text)
    EXTI0_IRQHandler                         0x0800024f   Thumb Code     0  startup_stm32f10x_hd.o(.text)
    EXTI1_IRQHandler                         0x0800024f   Thumb Code     0  startup_stm32f10x_hd.o(.text)
    EXTI2_IRQHandler                         0x0800024f   Thumb Code     0  startup_stm32f10x_hd.o(.text)
    EXTI3_IRQHandler                         0x0800024f   Thumb Code     0  startup_stm32f10x_hd.o(.text)
    EXTI4_IRQHandler                         0x0800024f   Thumb Code     0  startup_stm32f10x_hd.o(.text)
    EXTI9_5_IRQHandler                       0x0800024f   Thumb Code     0  startup_stm32f10x_hd.o(.text)
    FLASH_IRQHandler                         0x0800024f   Thumb Code     0  startup_stm32f10x_hd.o(.text)
    FSMC_IRQHandler                          0x0800024f   Thumb Code     0  startup_stm32f10x_hd.o(.text)
    I2C1_ER_IRQHandler                       0x0800024f   Thumb Code     0  startup_stm32f10x_hd.o(.text)
    I2C1_EV_IRQHandler                       0x0800024f   Thumb Code     0  startup_stm32f10x_hd.o(.text)
    I2C2_ER_IRQHandler                       0x0800024f   Thumb Code     0  startup_stm32f10x_hd.o(.text)
    I2C2_EV_IRQHandler                       0x0800024f   Thumb Code     0  startup_stm32f10x_hd.o(.text)
    PVD_IRQHandler                           0x0800024f   Thumb Code     0  startup_stm32f10x_hd.o(.text)
    RCC_IRQHandler                           0x0800024f   Thumb Code     0  startup_stm32f10x_hd.o(.text)
    RTCAlarm_IRQHandler                      0x0800024f   Thumb Code     0  startup_stm32f10x_hd.o(.text)
    RTC_IRQHandler                           0x0800024f   Thumb Code     0  startup_stm32f10x_hd.o(.text)
    SDIO_IRQHandler                          0x0800024f   Thumb Code     0  startup_stm32f10x_hd.o(.text)
    SPI1_IRQHandler                          0x0800024f   Thumb Code     0  startup_stm32f10x_hd.o(.text)
    SPI2_IRQHandler                          0x0800024f   Thumb Code     0  startup_stm32f10x_hd.o(.text)
    SPI3_IRQHandler                          0x0800024f   Thumb Code     0  startup_stm32f10x_hd.o(.text)
    TAMPER_IRQHandler                        0x0800024f   Thumb Code     0  startup_stm32f10x_hd.o(.text)
    TIM1_BRK_IRQHandler                      0x0800024f   Thumb Code     0  startup_stm32f10x_hd.o(.text)
    TIM1_TRG_COM_IRQHandler                  0x0800024f   Thumb Code     0  startup_stm32f10x_hd.o(.text)
    TIM1_UP_IRQHandler                       0x0800024f   Thumb Code     0  startup_stm32f10x_hd.o(.text)
    TIM6_IRQHandler                          0x0800024f   Thumb Code     0  startup_stm32f10x_hd.o(.text)
    TIM7_IRQHandler                          0x0800024f   Thumb Code     0  startup_stm32f10x_hd.o(.text)
    TIM8_BRK_IRQHandler                      0x0800024f   Thumb Code     0  startup_stm32f10x_hd.o(.text)
    TIM8_CC_IRQHandler                       0x0800024f   Thumb Code     0  startup_stm32f10x_hd.o(.text)
    TIM8_TRG_COM_IRQHandler                  0x0800024f   Thumb Code     0  startup_stm32f10x_hd.o(.text)
    TIM8_UP_IRQHandler                       0x0800024f   Thumb Code     0  startup_stm32f10x_hd.o(.text)
    UART4_IRQHandler                         0x0800024f   Thumb Code     0  startup_stm32f10x_hd.o(.text)
    UART5_IRQHandler                         0x0800024f   Thumb Code     0  startup_stm32f10x_hd.o(.text)
    USART1_IRQHandler                        0x0800024f   Thumb Code     0  startup_stm32f10x_hd.o(.text)
    USBWakeUp_IRQHandler                     0x0800024f   Thumb Code     0  startup_stm32f10x_hd.o(.text)
    USB_HP_CAN1_TX_IRQHandler                0x0800024f   Thumb Code     0  startup_stm32f10x_hd.o(.text)
    USB_LP_CAN1_RX0_IRQHandler               0x0800024f   Thumb Code     0  startup_stm32f10x_hd.o(.text)
    WWDG_IRQHandler                          0x0800024f   Thumb Code     0  startup_stm32f10x_hd.o(.text)
    __user_initial_stackheap                 0x08000251   Thumb Code     0  startup_stm32f10x_hd.o(.text)
    main                                     0x08000271   Thumb Code   288  minibalance.o(.text)
    delay_init                               0x080003c9   Thumb Code    56  delay.o(.text)
    delay_us                                 0x08000401   Thumb Code    56  delay.o(.text)
    delay_ms                                 0x08000439   Thumb Code    56  delay.o(.text)
    MY_NVIC_SetVectorTable                   0x08000479   Thumb Code    12  sys.o(.text)
    MY_NVIC_PriorityGroupConfig              0x08000485   Thumb Code    36  sys.o(.text)
    MY_NVIC_Init                             0x080004a9   Thumb Code   116  sys.o(.text)
    Ex_NVIC_Config                           0x0800051d   Thumb Code   146  sys.o(.text)
    MYRCC_DeInit                             0x080005af   Thumb Code    90  sys.o(.text)
    Sys_Standby                              0x08000609   Thumb Code    68  sys.o(.text)
    Sys_Soft_Reset                           0x0800064d   Thumb Code    12  sys.o(.text)
    JTAG_Set                                 0x08000659   Thumb Code    42  sys.o(.text)
    Stm32_Clock_Init                         0x08000683   Thumb Code   134  sys.o(.text)
    _sys_exit                                0x08000735   Thumb Code     4  usart.o(.text)
    fputc                                    0x08000739   Thumb Code    24  usart.o(.text)
    usart1_send                              0x08000751   Thumb Code    22  usart.o(.text)
    uart_init                                0x08000767   Thumb Code   214  usart.o(.text)
    uart2_init                               0x0800083d   Thumb Code   216  usart.o(.text)
    USART2_IRQHandler                        0x08000915   Thumb Code    86  usart.o(.text)
    OLED_WR_Byte                             0x0800098d   Thumb Code    82  oled.o(.text)
    OLED_Refresh_Gram                        0x080009df   Thumb Code    70  oled.o(.text)
    OLED_Display_On                          0x08000a25   Thumb Code    28  oled.o(.text)
    OLED_Display_Off                         0x08000a41   Thumb Code    28  oled.o(.text)
    OLED_Clear                               0x08000a5d   Thumb Code    42  oled.o(.text)
    OLED_DrawPoint                           0x08000a87   Thumb Code   100  oled.o(.text)
    OLED_ShowChar                            0x08000aeb   Thumb Code   158  oled.o(.text)
    oled_pow                                 0x08000b89   Thumb Code    22  oled.o(.text)
    OLED_ShowNumber                          0x08000b9f   Thumb Code   148  oled.o(.text)
    OLED_ShowString                          0x08000c33   Thumb Code    68  oled.o(.text)
    OLED_Init                                0x08000c77   Thumb Code   388  oled.o(.text)
    usart3_send                              0x08000dfd   Thumb Code    22  usartx.o(.text)
    uart3_init                               0x08000e13   Thumb Code   246  usartx.o(.text)
    USART3_IRQHandler                        0x08000f09   Thumb Code   112  usartx.o(.text)
    LED_Init                                 0x08000fa1   Thumb Code    52  led.o(.text)
    Led_Flash                                0x08000fd5   Thumb Code    44  led.o(.text)
    Encoder_Init_TIM2                        0x08001015   Thumb Code   224  encoder.o(.text)
    Encoder_Init_TIM3                        0x080010f5   Thumb Code   212  encoder.o(.text)
    Encoder_Init_TIM4                        0x080011c9   Thumb Code   208  encoder.o(.text)
    Encoder_Init_TIM5                        0x08001299   Thumb Code   210  encoder.o(.text)
    Read_Encoder                             0x0800136b   Thumb Code   100  encoder.o(.text)
    TIM2_IRQHandler                          0x080013cf   Thumb Code    24  encoder.o(.text)
    TIM3_IRQHandler                          0x080013e7   Thumb Code    54  encoder.o(.text)
    TIM4_IRQHandler                          0x0800141d   Thumb Code    18  encoder.o(.text)
    TIM5_IRQHandler                          0x0800142f   Thumb Code    18  encoder.o(.text)
    IIC_Init                                 0x08001449   Thumb Code    36  ioi2c.o(.text)
    IIC_Start                                0x0800146d   Thumb Code    94  ioi2c.o(.text)
    IIC_Stop                                 0x080014cb   Thumb Code    66  ioi2c.o(.text)
    IIC_Wait_Ack                             0x0800150d   Thumb Code    96  ioi2c.o(.text)
    IIC_Ack                                  0x0800156d   Thumb Code    70  ioi2c.o(.text)
    IIC_NAck                                 0x080015b3   Thumb Code    70  ioi2c.o(.text)
    IIC_Send_Byte                            0x080015f9   Thumb Code    92  ioi2c.o(.text)
    i2cWrite                                 0x08001655   Thumb Code    96  ioi2c.o(.text)
    IIC_Read_Byte                            0x080016b5   Thumb Code   100  ioi2c.o(.text)
    i2cRead                                  0x08001719   Thumb Code   118  ioi2c.o(.text)
    I2C_ReadOneByte                          0x0800178f   Thumb Code    70  ioi2c.o(.text)
    IICreadBytes                             0x080017d5   Thumb Code   116  ioi2c.o(.text)
    IICwriteBytes                            0x08001849   Thumb Code    70  ioi2c.o(.text)
    IICreadByte                              0x0800188f   Thumb Code    22  ioi2c.o(.text)
    IICwriteByte                             0x080018a5   Thumb Code    20  ioi2c.o(.text)
    IICwriteBits                             0x080018b9   Thumb Code   106  ioi2c.o(.text)
    IICwriteBit                              0x08001923   Thumb Code    64  ioi2c.o(.text)
    EXTI_Init                                0x08001965   Thumb Code    76  exti.o(.text)
    MiniBalance_Motor_Init                   0x080019b9   Thumb Code   254  motor.o(.text)
    MiniBalance_PWM_Init                     0x08001ab7   Thumb Code   270  motor.o(.text)
    sheng_init                               0x08001bf1   Thumb Code   178  chaosheng.o(.text)
    TIM1_CC_IRQHandler                       0x08001ca3   Thumb Code   186  chaosheng.o(.text)
    trig_init                                0x08001d5d   Thumb Code    42  chaosheng.o(.text)
    trig                                     0x08001d87   Thumb Code    24  chaosheng.o(.text)
    get_Distance                             0x08001d9f   Thumb Code    82  chaosheng.o(.text)
    oled_show                                0x08001e19   Thumb Code  1566  show.o(.text)
    mpu_reg_dump                             0x080024e3   Thumb Code    72  inv_mpu.o(.text)
    mpu_read_reg                             0x0800252b   Thumb Code    66  inv_mpu.o(.text)
    mpu_set_int_latched                      0x0800256d   Thumb Code   102  inv_mpu.o(.text)
    mpu_set_sensors                          0x080025d3   Thumb Code   202  inv_mpu.o(.text)
    mpu_set_bypass                           0x0800269d   Thumb Code   328  inv_mpu.o(.text)
    mpu_reset_fifo                           0x080027e5   Thumb Code   444  inv_mpu.o(.text)
    mpu_configure_fifo                       0x080029a1   Thumb Code   106  inv_mpu.o(.text)
    mpu_set_lpf                              0x08002a0b   Thumb Code   126  inv_mpu.o(.text)
    mpu_lp_accel_mode                        0x08002a89   Thumb Code   218  inv_mpu.o(.text)
    mpu_set_sample_rate                      0x08002b63   Thumb Code   152  inv_mpu.o(.text)
    mpu_set_accel_fsr                        0x08002bfb   Thumb Code   132  inv_mpu.o(.text)
    mpu_set_gyro_fsr                         0x08002c7f   Thumb Code   132  inv_mpu.o(.text)
    mpu_init                                 0x08002d03   Thumb Code   416  inv_mpu.o(.text)
    myget_ms                                 0x08002ea3   Thumb Code     2  inv_mpu.o(.text)
    mpu_get_gyro_reg                         0x08002ea5   Thumb Code   110  inv_mpu.o(.text)
    mpu_get_accel_reg                        0x08002f13   Thumb Code   110  inv_mpu.o(.text)
    mpu_get_temperature                      0x08002f81   Thumb Code   150  inv_mpu.o(.text)
    mpu_set_accel_bias                       0x08003017   Thumb Code   468  inv_mpu.o(.text)
    mpu_get_gyro_fsr                         0x080031eb   Thumb Code    64  inv_mpu.o(.text)
    mpu_get_accel_fsr                        0x0800322b   Thumb Code    72  inv_mpu.o(.text)
    mpu_get_lpf                              0x08003273   Thumb Code    74  inv_mpu.o(.text)
    mpu_get_sample_rate                      0x080032bd   Thumb Code    26  inv_mpu.o(.text)
    mpu_get_compass_sample_rate              0x080032d7   Thumb Code    10  inv_mpu.o(.text)
    mpu_set_compass_sample_rate              0x080032e1   Thumb Code     8  inv_mpu.o(.text)
    mpu_get_gyro_sens                        0x080032e9   Thumb Code    58  inv_mpu.o(.text)
    mpu_get_accel_sens                       0x08003323   Thumb Code    78  inv_mpu.o(.text)
    mpu_get_fifo_config                      0x08003371   Thumb Code    12  inv_mpu.o(.text)
    mpu_get_power_state                      0x0800337d   Thumb Code    22  inv_mpu.o(.text)
    mpu_get_int_status                       0x08003393   Thumb Code    64  inv_mpu.o(.text)
    mpu_read_fifo                            0x080033d3   Thumb Code   520  inv_mpu.o(.text)
    mpu_read_fifo_stream                     0x080035db   Thumb Code   186  inv_mpu.o(.text)
    mpu_set_int_level                        0x08003695   Thumb Code    12  inv_mpu.o(.text)
    mpu_set_dmp_state                        0x08003d75   Thumb Code   138  inv_mpu.o(.text)
    mpu_run_self_test                        0x08003dff   Thumb Code   278  inv_mpu.o(.text)
    mpu_write_mem                            0x08003f15   Thumb Code   122  inv_mpu.o(.text)
    mpu_read_mem                             0x08003f8f   Thumb Code   122  inv_mpu.o(.text)
    mpu_load_firmware                        0x08004009   Thumb Code   190  inv_mpu.o(.text)
    mpu_get_dmp_state                        0x080040c7   Thumb Code    14  inv_mpu.o(.text)
    mpu_get_compass_reg                      0x080040d5   Thumb Code     8  inv_mpu.o(.text)
    mpu_get_compass_fsr                      0x080040dd   Thumb Code     8  inv_mpu.o(.text)
    mpu_lp_motion_interrupt                  0x080040e5   Thumb Code   512  inv_mpu.o(.text)
    dmp_load_motion_driver_firmware          0x080042e9   Thumb Code    20  inv_mpu_dmp_motion_driver.o(.text)
    dmp_set_orientation                      0x080042fd   Thumb Code   290  inv_mpu_dmp_motion_driver.o(.text)
    dmp_set_gyro_bias                        0x0800441f   Thumb Code   294  inv_mpu_dmp_motion_driver.o(.text)
    dmp_set_accel_bias                       0x08004545   Thumb Code   300  inv_mpu_dmp_motion_driver.o(.text)
    dmp_set_fifo_rate                        0x08004671   Thumb Code   136  inv_mpu_dmp_motion_driver.o(.text)
    dmp_get_fifo_rate                        0x080046f9   Thumb Code    12  inv_mpu_dmp_motion_driver.o(.text)
    dmp_set_tap_thresh                       0x08004705   Thumb Code   396  inv_mpu_dmp_motion_driver.o(.text)
    dmp_set_tap_axes                         0x08004891   Thumb Code    70  inv_mpu_dmp_motion_driver.o(.text)
    dmp_set_tap_count                        0x080048d7   Thumb Code    38  inv_mpu_dmp_motion_driver.o(.text)
    dmp_set_tap_time                         0x080048fd   Thumb Code    38  inv_mpu_dmp_motion_driver.o(.text)
    dmp_set_tap_time_multi                   0x08004923   Thumb Code    38  inv_mpu_dmp_motion_driver.o(.text)
    dmp_set_shake_reject_thresh              0x08004949   Thumb Code    56  inv_mpu_dmp_motion_driver.o(.text)
    dmp_set_shake_reject_time                0x08004981   Thumb Code    38  inv_mpu_dmp_motion_driver.o(.text)
    dmp_set_shake_reject_timeout             0x080049a7   Thumb Code    38  inv_mpu_dmp_motion_driver.o(.text)
    dmp_get_pedometer_step_count             0x080049cd   Thumb Code    66  inv_mpu_dmp_motion_driver.o(.text)
    dmp_set_pedometer_step_count             0x08004a0f   Thumb Code    42  inv_mpu_dmp_motion_driver.o(.text)
    dmp_get_pedometer_walk_time              0x08004a39   Thumb Code    72  inv_mpu_dmp_motion_driver.o(.text)
    dmp_set_pedometer_walk_time              0x08004a81   Thumb Code    48  inv_mpu_dmp_motion_driver.o(.text)
    dmp_enable_6x_lp_quat                    0x08004ab1   Thumb Code    84  inv_mpu_dmp_motion_driver.o(.text)
    dmp_enable_lp_quat                       0x08004b05   Thumb Code    60  inv_mpu_dmp_motion_driver.o(.text)
    dmp_enable_gyro_cal                      0x08004b41   Thumb Code    62  inv_mpu_dmp_motion_driver.o(.text)
    dmp_enable_feature                       0x08004b7f   Thumb Code   530  inv_mpu_dmp_motion_driver.o(.text)
    dmp_get_enabled_features                 0x08004d91   Thumb Code    12  inv_mpu_dmp_motion_driver.o(.text)
    dmp_set_interrupt_mode                   0x08004dfb   Thumb Code    66  inv_mpu_dmp_motion_driver.o(.text)
    dmp_read_fifo                            0x08004e3d   Thumb Code   514  inv_mpu_dmp_motion_driver.o(.text)
    dmp_register_tap_cb                      0x0800503f   Thumb Code    10  inv_mpu_dmp_motion_driver.o(.text)
    dmp_register_android_orient_cb           0x08005049   Thumb Code    10  inv_mpu_dmp_motion_driver.o(.text)
    MPU6050_newValues                        0x08005165   Thumb Code   494  mpu6050.o(.text)
    MPU6050_setClockSource                   0x08005353   Thumb Code    20  mpu6050.o(.text)
    MPU6050_setFullScaleGyroRange            0x08005367   Thumb Code    20  mpu6050.o(.text)
    MPU6050_setFullScaleAccelRange           0x0800537b   Thumb Code    20  mpu6050.o(.text)
    MPU6050_setSleepEnabled                  0x0800538f   Thumb Code    18  mpu6050.o(.text)
    MPU6050_getDeviceID                      0x080053a1   Thumb Code    20  mpu6050.o(.text)
    MPU6050_testConnection                   0x080053b5   Thumb Code    18  mpu6050.o(.text)
    MPU6050_setI2CMasterModeEnabled          0x080053c7   Thumb Code    18  mpu6050.o(.text)
    MPU6050_setI2CBypassEnabled              0x080053d9   Thumb Code    18  mpu6050.o(.text)
    MPU6050_initialize                       0x080053eb   Thumb Code    40  mpu6050.o(.text)
    DMP_Init                                 0x08005413   Thumb Code   122  mpu6050.o(.text)
    Read_DMP                                 0x0800548d   Thumb Code   670  mpu6050.o(.text)
    Read_Temperature                         0x0800572b   Thumb Code   110  mpu6050.o(.text)
    Kinematic_Analysis                       0x080057d5   Thumb Code   142  control.o(.text)
    myabs                                    0x08005863   Thumb Code    14  control.o(.text)
    Set_Pwm                                  0x08005871   Thumb Code   202  control.o(.text)
    Xianfu_Pwm                               0x0800593b   Thumb Code   114  control.o(.text)
    Incremental_PI_D                         0x080059ad   Thumb Code   146  control.o(.text)
    Incremental_PI_C                         0x08005a3f   Thumb Code   146  control.o(.text)
    Incremental_PI_B                         0x08005ad1   Thumb Code   146  control.o(.text)
    Incremental_PI_A                         0x08005b63   Thumb Code   260  control.o(.text)
    handle_u3                                0x08005c67   Thumb Code    64  control.o(.text)
    handle_u2                                0x08005ca7   Thumb Code   196  control.o(.text)
    send_odoemtry                            0x08005d6b   Thumb Code    74  control.o(.text)
    EXTI15_10_IRQHandler                     0x08005db5   Thumb Code  1168  control.o(.text)
    send_sta                                 0x08006245   Thumb Code   106  control.o(.text)
    __use_no_semihosting                     0x0800630d   Thumb Code     2  use_no_semi_2.o(.text)
    __aeabi_ldivmod                          0x0800630f   Thumb Code     0  llsdiv.o(.text)
    _ll_sdiv                                 0x0800630f   Thumb Code    72  llsdiv.o(.text)
    __2printf                                0x08006359   Thumb Code    20  noretval__2printf.o(.text)
    __printf                                 0x08006371   Thumb Code   104  __printf.o(.text)
    _printf_int_dec                          0x080063d9   Thumb Code   104  _printf_dec.o(.text)
    memcmp                                   0x08006451   Thumb Code    88  memcmp.o(.text)
    __aeabi_memset                           0x080064a9   Thumb Code    16  aeabi_memset.o(.text)
    __use_two_region_memory                  0x080064b9   Thumb Code     2  heapauxi.o(.text)
    __rt_heap_escrow$2region                 0x080064bb   Thumb Code     2  heapauxi.o(.text)
    __rt_heap_expand$2region                 0x080064bd   Thumb Code     2  heapauxi.o(.text)
    __I$use$semihosting                      0x080064bf   Thumb Code     0  use_no_semi.o(.text)
    __use_no_semihosting_swi                 0x080064bf   Thumb Code     2  use_no_semi.o(.text)
    __aeabi_uldivmod                         0x080064c1   Thumb Code     0  lludivv7m.o(.text)
    _ll_udiv                                 0x080064c1   Thumb Code   238  lludivv7m.o(.text)
    __read_errno                             0x080065af   Thumb Code    10  _rserrno.o(.text)
    __set_errno                              0x080065b9   Thumb Code    12  _rserrno.o(.text)
    _printf_int_common                       0x080065c5   Thumb Code   178  _printf_intcommon.o(.text)
    __lib_sel_fp_printf                      0x08006677   Thumb Code     2  _printf_fp_dec.o(.text)
    _printf_fp_dec_real                      0x08006829   Thumb Code   620  _printf_fp_dec.o(.text)
    _printf_char_file                        0x08006a95   Thumb Code    32  _printf_char_file.o(.text)
    __aeabi_memclr                           0x08006ab9   Thumb Code     0  rt_memclr.o(.text)
    __rt_memclr                              0x08006ab9   Thumb Code    68  rt_memclr.o(.text)
    _memset                                  0x08006abd   Thumb Code     0  rt_memclr.o(.text)
    __rt_locale                              0x08006afd   Thumb Code     8  rt_locale_intlibspace.o(.text)
    __aeabi_errno_addr                       0x08006b05   Thumb Code     8  rt_errno_addr_intlibspace.o(.text)
    __errno$intlibspace                      0x08006b05   Thumb Code     0  rt_errno_addr_intlibspace.o(.text)
    __rt_errno_addr$intlibspace              0x08006b05   Thumb Code     0  rt_errno_addr_intlibspace.o(.text)
    _ll_udiv10                               0x08006b0d   Thumb Code   138  lludiv10.o(.text)
    _printf_char_common                      0x08006ba3   Thumb Code    32  _printf_char_common.o(.text)
    _printf_fp_infnan                        0x08006bc9   Thumb Code   112  _printf_fp_infnan.o(.text)
    _btod_etento                             0x08006c49   Thumb Code   224  bigflt0.o(.text)
    ferror                                   0x08006d2d   Thumb Code     8  ferror.o(.text)
    __aeabi_memclr4                          0x08006d35   Thumb Code     0  rt_memclr_w.o(.text)
    __aeabi_memclr8                          0x08006d35   Thumb Code     0  rt_memclr_w.o(.text)
    __rt_memclr_w                            0x08006d35   Thumb Code    78  rt_memclr_w.o(.text)
    _memset_w                                0x08006d39   Thumb Code     0  rt_memclr_w.o(.text)
    __user_libspace                          0x08006d85   Thumb Code     8  libspace.o(.text)
    __user_perproc_libspace                  0x08006d85   Thumb Code     0  libspace.o(.text)
    __user_perthread_libspace                0x08006d85   Thumb Code     0  libspace.o(.text)
    __user_setup_stackheap                   0x08006d8d   Thumb Code    74  sys_stackheap_outer.o(.text)
    exit                                     0x08006dd7   Thumb Code    18  exit.o(.text)
    strcmp                                   0x08006de9   Thumb Code   128  strcmpv7m.o(.text)
    _btod_d2e                                0x08006e69   Thumb Code    62  btod.o(CL$$btod_d2e)
    _d2e_denorm_low                          0x08006ea7   Thumb Code    70  btod.o(CL$$btod_d2e_denorm_low)
    _d2e_norm_op1                            0x08006eed   Thumb Code    96  btod.o(CL$$btod_d2e_norm_op1)
    __btod_div_common                        0x08006f4d   Thumb Code   696  btod.o(CL$$btod_div_common)
    _e2e                                     0x08007285   Thumb Code   220  btod.o(CL$$btod_e2e)
    _btod_ediv                               0x08007361   Thumb Code    42  btod.o(CL$$btod_ediv)
    _btod_emul                               0x0800738b   Thumb Code    42  btod.o(CL$$btod_emul)
    __btod_mult_common                       0x080073b5   Thumb Code   580  btod.o(CL$$btod_mult_common)
    __ARM_fpclassify                         0x080075f9   Thumb Code    40  fpclassify.o(i.__ARM_fpclassify)
    __ieee754_rem_pio2                       0x08007621   Thumb Code   828  rred.o(i.__ieee754_rem_pio2)
    __kernel_cos                             0x080079a9   Thumb Code   230  cos_i.o(i.__kernel_cos)
    __kernel_poly                            0x08007aa5   Thumb Code   170  poly.o(i.__kernel_poly)
    __kernel_sin                             0x08007b51   Thumb Code   224  sin_i.o(i.__kernel_sin)
    __mathlib_dbl_infnan                     0x08007c3d   Thumb Code     6  dunder.o(i.__mathlib_dbl_infnan)
    __mathlib_dbl_infnan2                    0x08007c43   Thumb Code     4  dunder.o(i.__mathlib_dbl_infnan2)
    __mathlib_dbl_invalid                    0x08007c47   Thumb Code    12  dunder.o(i.__mathlib_dbl_invalid)
    __mathlib_dbl_underflow                  0x08007c55   Thumb Code    10  dunder.o(i.__mathlib_dbl_underflow)
    asin                                     0x08007c65   Thumb Code   572  asin.o(i.asin)
    atan                                     0x08007ed5   Thumb Code   474  atan.o(i.atan)
    atan2                                    0x080080f5   Thumb Code   346  atan2.o(i.atan2)
    cos                                      0x08008275   Thumb Code   148  cos.o(i.cos)
    sin                                      0x08008311   Thumb Code   150  sin.o(i.sin)
    sqrt                                     0x080083b1   Thumb Code    76  sqrt.o(i.sqrt)
    _get_lc_numeric                          0x080083fd   Thumb Code    44  lc_numeric_c.o(locale$$code)
    __aeabi_d2f                              0x08008429   Thumb Code     0  d2f.o(x$fpl$d2f)
    _d2f                                     0x08008429   Thumb Code    98  d2f.o(x$fpl$d2f)
    __aeabi_dadd                             0x0800848d   Thumb Code     0  daddsub_clz.o(x$fpl$dadd)
    _dadd                                    0x0800848d   Thumb Code   332  daddsub_clz.o(x$fpl$dadd)
    __fpl_dcheck_NaN1                        0x080085dd   Thumb Code    10  dcheck1.o(x$fpl$dcheck1)
    __aeabi_ddiv                             0x080085ed   Thumb Code     0  ddiv.o(x$fpl$ddiv)
    _ddiv                                    0x080085ed   Thumb Code   552  ddiv.o(x$fpl$ddiv)
    __aeabi_d2iz                             0x0800889d   Thumb Code     0  dfix.o(x$fpl$dfix)
    _dfix                                    0x0800889d   Thumb Code    94  dfix.o(x$fpl$dfix)
    __aeabi_i2d                              0x080088fb   Thumb Code     0  dflt_clz.o(x$fpl$dflt)
    _dflt                                    0x080088fb   Thumb Code    46  dflt_clz.o(x$fpl$dflt)
    __aeabi_ui2d                             0x08008929   Thumb Code     0  dflt_clz.o(x$fpl$dfltu)
    _dfltu                                   0x08008929   Thumb Code    38  dflt_clz.o(x$fpl$dfltu)
    __aeabi_dmul                             0x08008951   Thumb Code     0  dmul.o(x$fpl$dmul)
    _dmul                                    0x08008951   Thumb Code   332  dmul.o(x$fpl$dmul)
    __fpl_dnaninf                            0x08008aa5   Thumb Code   156  dnaninf.o(x$fpl$dnaninf)
    __fpl_dretinf                            0x08008b41   Thumb Code    12  dretinf.o(x$fpl$dretinf)
    __aeabi_drsub                            0x08008b4d   Thumb Code     0  daddsub_clz.o(x$fpl$drsb)
    _drsb                                    0x08008b4d   Thumb Code    22  daddsub_clz.o(x$fpl$drsb)
    _dsqrt                                   0x08008b65   Thumb Code   456  dsqrt_noumaal.o(x$fpl$dsqrt)
    __aeabi_dsub                             0x08008d31   Thumb Code     0  daddsub_clz.o(x$fpl$dsub)
    _dsub                                    0x08008d31   Thumb Code   464  daddsub_clz.o(x$fpl$dsub)
    __aeabi_f2d                              0x08008f05   Thumb Code     0  f2d.o(x$fpl$f2d)
    _f2d                                     0x08008f05   Thumb Code    86  f2d.o(x$fpl$f2d)
    __aeabi_fadd                             0x08008f5d   Thumb Code     0  faddsub_clz.o(x$fpl$fadd)
    _fadd                                    0x08008f5d   Thumb Code   196  faddsub_clz.o(x$fpl$fadd)
    __fpl_fcmp_Inf                           0x08009021   Thumb Code    24  fcmpi.o(x$fpl$fcmpinf)
    __aeabi_fdiv                             0x08009039   Thumb Code     0  fdiv.o(x$fpl$fdiv)
    _fdiv                                    0x08009039   Thumb Code   384  fdiv.o(x$fpl$fdiv)
    __aeabi_cfcmpeq                          0x080091bd   Thumb Code     0  feqf.o(x$fpl$feqf)
    _fcmpeq                                  0x080091bd   Thumb Code   104  feqf.o(x$fpl$feqf)
    __aeabi_f2iz                             0x08009225   Thumb Code     0  ffix.o(x$fpl$ffix)
    _ffix                                    0x08009225   Thumb Code    54  ffix.o(x$fpl$ffix)
    __aeabi_f2uiz                            0x0800925d   Thumb Code     0  ffixu.o(x$fpl$ffixu)
    _ffixu                                   0x0800925d   Thumb Code    62  ffixu.o(x$fpl$ffixu)
    __aeabi_i2f                              0x0800929d   Thumb Code     0  fflt_clz.o(x$fpl$fflt)
    _fflt                                    0x0800929d   Thumb Code    48  fflt_clz.o(x$fpl$fflt)
    __aeabi_ui2f                             0x080092cd   Thumb Code     0  fflt_clz.o(x$fpl$ffltu)
    _ffltu                                   0x080092cd   Thumb Code    38  fflt_clz.o(x$fpl$ffltu)
    __aeabi_cfcmple                          0x080092f5   Thumb Code     0  fleqf.o(x$fpl$fleqf)
    _fcmple                                  0x080092f5   Thumb Code   104  fleqf.o(x$fpl$fleqf)
    __fpl_fcmple_InfNaN                      0x08009347   Thumb Code     0  fleqf.o(x$fpl$fleqf)
    __aeabi_fmul                             0x0800935d   Thumb Code     0  fmul.o(x$fpl$fmul)
    _fmul                                    0x0800935d   Thumb Code   258  fmul.o(x$fpl$fmul)
    __fpl_fnaninf                            0x0800945f   Thumb Code   140  fnaninf.o(x$fpl$fnaninf)
    __fpl_fretinf                            0x080094eb   Thumb Code    10  fretinf.o(x$fpl$fretinf)
    __aeabi_cfrcmple                         0x080094f5   Thumb Code     0  frleqf.o(x$fpl$frleqf)
    _frcmple                                 0x080094f5   Thumb Code    98  frleqf.o(x$fpl$frleqf)
    __aeabi_frsub                            0x08009557   Thumb Code     0  faddsub_clz.o(x$fpl$frsb)
    _frsb                                    0x08009557   Thumb Code    20  faddsub_clz.o(x$fpl$frsb)
    __aeabi_fsub                             0x0800956d   Thumb Code     0  faddsub_clz.o(x$fpl$fsub)
    _fsub                                    0x0800956d   Thumb Code   234  faddsub_clz.o(x$fpl$fsub)
    _printf_fp_dec                           0x08009657   Thumb Code     4  printf1.o(x$fpl$printf1)
    __fpl_return_NaN                         0x0800965b   Thumb Code   100  retnan.o(x$fpl$retnan)
    __ARM_scalbn                             0x080096bf   Thumb Code    92  scalbn.o(x$fpl$scalbn)
    __fpl_cmpreturn                          0x0800971b   Thumb Code    48  trapv.o(x$fpl$trapveneer)
    __I$use$fp                               0x0800974a   Number         0  usenofp.o(x$fpl$usenofp)
    oled_asc2_1206                           0x0800974a   Data        1140  oled.o(.constdata)
    oled_asc2_1608                           0x08009bbe   Data        1520  oled.o(.constdata)
    hw                                       0x0800a1b0   Data          12  inv_mpu.o(.constdata)
    reg                                      0x0800a1bc   Data          27  inv_mpu.o(.constdata)
    test                                     0x0800a1d8   Data          40  inv_mpu.o(.constdata)
    __mathlib_zero                           0x0800af10   Data           8  qnan.o(.constdata)
    Region$$Table$$Base                      0x0800b0ec   Number         0  anon$$obj.o(Region$$Table)
    Region$$Table$$Limit                     0x0800b10c   Number         0  anon$$obj.o(Region$$Table)
    Encoder_A                                0x20000000   Data           4  minibalance.o(.data)
    Encoder_B                                0x20000004   Data           4  minibalance.o(.data)
    Encoder_C                                0x20000008   Data           4  minibalance.o(.data)
    Encoder_D                                0x2000000c   Data           4  minibalance.o(.data)
    Position_A                               0x20000010   Data           4  minibalance.o(.data)
    Position_B                               0x20000014   Data           4  minibalance.o(.data)
    Position_C                               0x20000018   Data           4  minibalance.o(.data)
    Position_D                               0x2000001c   Data           4  minibalance.o(.data)
    Motor_A                                  0x20000020   Data           4  minibalance.o(.data)
    Motor_B                                  0x20000024   Data           4  minibalance.o(.data)
    Motor_C                                  0x20000028   Data           4  minibalance.o(.data)
    Motor_D                                  0x2000002c   Data           4  minibalance.o(.data)
    Target_A                                 0x20000030   Data           4  minibalance.o(.data)
    Target_B                                 0x20000034   Data           4  minibalance.o(.data)
    Target_C                                 0x20000038   Data           4  minibalance.o(.data)
    Target_D                                 0x2000003c   Data           4  minibalance.o(.data)
    Voltage                                  0x20000040   Data           4  minibalance.o(.data)
    delay_50                                 0x20000044   Data           1  minibalance.o(.data)
    delay_flag                               0x20000045   Data           1  minibalance.o(.data)
    Usart_ON_Flag                            0x20000046   Data           1  minibalance.o(.data)
    Pitch                                    0x20000048   Data           4  minibalance.o(.data)
    Roll                                     0x2000004c   Data           4  minibalance.o(.data)
    Yaw                                      0x20000050   Data           4  minibalance.o(.data)
    Move_X                                   0x20000054   Data           4  minibalance.o(.data)
    Move_Y                                   0x20000058   Data           4  minibalance.o(.data)
    Move_Z                                   0x2000005c   Data           4  minibalance.o(.data)
    yaw_offset                               0x20000060   Data           4  minibalance.o(.data)
    Velocity_KP                              0x20000064   Data           4  minibalance.o(.data)
    Velocity_KI                              0x20000068   Data           4  minibalance.o(.data)
    Gryo_Z                                   0x2000006c   Data           4  minibalance.o(.data)
    set_pwm_flag                             0x20000070   Data           4  minibalance.o(.data)
    Rrxbuf                                   0x20000074   Data           3  minibalance.o(.data)
    Real_Distance                            0x20000078   Data           4  minibalance.o(.data)
    Real_Angle                               0x2000007c   Data           4  minibalance.o(.data)
    POSITION_X                               0x20000080   Data           4  minibalance.o(.data)
    POSITION_Y                               0x20000084   Data           4  minibalance.o(.data)
    Vel_X                                    0x20000088   Data           4  minibalance.o(.data)
    Vel_Y                                    0x2000008c   Data           4  minibalance.o(.data)
    Vel_Z                                    0x20000090   Data           4  minibalance.o(.data)
    BUF                                      0x20000094   Data           6  minibalance.o(.data)
    X                                        0x2000009a   Data           2  minibalance.o(.data)
    Y                                        0x2000009c   Data           2  minibalance.o(.data)
    angle                                    0x200000a0   Data           4  minibalance.o(.data)
    x                                        0x200000a8   Data           8  minibalance.o(.data)
    y                                        0x200000b0   Data           8  minibalance.o(.data)
    xmax                                     0x200000b8   Data           8  minibalance.o(.data)
    xmin                                     0x200000c0   Data           8  minibalance.o(.data)
    ymax                                     0x200000c8   Data           8  minibalance.o(.data)
    ymin                                     0x200000d0   Data           8  minibalance.o(.data)
    offset_x                                 0x200000d8   Data           8  minibalance.o(.data)
    offset_y                                 0x200000e0   Data           8  minibalance.o(.data)
    x_gain                                   0x200000e8   Data           8  minibalance.o(.data)
    y_gain                                   0x200000f0   Data           8  minibalance.o(.data)
    light_offset                             0x200000f8   Data           4  minibalance.o(.data)
    angle_sum                                0x200000fc   Data           4  minibalance.o(.data)
    power_on                                 0x20000100   Data           4  minibalance.o(.data)
    angle_count                              0x20000104   Data           4  minibalance.o(.data)
    PAUSE                                    0x20000108   Data           1  minibalance.o(.data)
    __stdout                                 0x20000110   Data           4  usart.o(.data)
    Usart_Receive                            0x20000114   Data           4  usart.o(.data)
    TIM1CH1_CAPTURE_STA                      0x20000120   Data           1  chaosheng.o(.data)
    TIM1CH1_CAPTURE_VAL                      0x20000122   Data           2  chaosheng.o(.data)
    gyro                                     0x20000150   Data           6  mpu6050.o(.data)
    accel                                    0x20000156   Data           6  mpu6050.o(.data)
    sensors                                  0x2000015c   Data           2  mpu6050.o(.data)
    q0                                       0x20000160   Data           4  mpu6050.o(.data)
    q1                                       0x20000164   Data           4  mpu6050.o(.data)
    q2                                       0x20000168   Data           4  mpu6050.o(.data)
    q3                                       0x2000016c   Data           4  mpu6050.o(.data)
    Gx_offset                                0x2000017a   Data           2  mpu6050.o(.data)
    Gy_offset                                0x2000017c   Data           2  mpu6050.o(.data)
    Gz_offset                                0x2000017e   Data           2  mpu6050.o(.data)
    Flag_Target                              0x20000180   Data           1  control.o(.data)
    Flag_Change                              0x20000181   Data           1  control.o(.data)
    temp1                                    0x20000182   Data           1  control.o(.data)
    Voltage_Count                            0x20000184   Data           4  control.o(.data)
    Voltage_All                              0x20000188   Data           4  control.o(.data)
    Gyro_K                                   0x2000018c   Data           4  control.o(.data)
    j                                        0x20000190   Data           4  control.o(.data)
    Urxbuf                                   0x200001c8   Data          17  minibalance.o(.bss)
    Utxbuf                                   0x200001d9   Data          21  minibalance.o(.bss)
    PID_Parameter                            0x200001ee   Data          20  minibalance.o(.bss)
    Flash_Parameter                          0x20000202   Data          20  minibalance.o(.bss)
    OLED_GRAM                                0x20000216   Data        1024  oled.o(.bss)
    buffer                                   0x20000628   Data          14  mpu6050.o(.bss)
    MPU6050_FIFO                             0x20000636   Data         132  mpu6050.o(.bss)
    __libspace_start                         0x200006bc   Data          96  libspace.o(.bss)
    __temporary_stack_top$libspace           0x2000071c   Data           0  libspace.o(.bss)



==============================================================================

Memory Map of the image

  Image Entry point : 0x08000131

  Load Region LR_IROM1 (Base: 0x08000000, Size: 0x0000b2f0, Max: 0x00040000, ABSOLUTE, COMPRESSED[0x0000b158])

    Execution Region ER_IROM1 (Exec base: 0x08000000, Load base: 0x08000000, Size: 0x0000b128, Max: 0x00040000, ABSOLUTE)

    Exec Addr    Load Addr    Size         Type   Attr      Idx    E Section Name        Object

    0x08000000   0x08000000   0x00000130   Data   RO            3    RESET               startup_stm32f10x_hd.o
    0x08000130   0x08000130   0x00000008   Code   RO          455  * !!!main             c_w.l(__main.o)
    0x08000138   0x08000138   0x00000034   Code   RO          861    !!!scatter          c_w.l(__scatter.o)
    0x0800016c   0x0800016c   0x0000005a   Code   RO          859    !!dczerorl2         c_w.l(__dczerorl2.o)
    0x080001c6   0x080001c6   0x00000002   PAD
    0x080001c8   0x080001c8   0x0000001c   Code   RO          863    !!handler_zi        c_w.l(__scatter_zi.o)
    0x080001e4   0x080001e4   0x00000000   Code   RO          448    .ARM.Collect$$_printf_percent$$00000000  c_w.l(_printf_percent.o)
    0x080001e4   0x080001e4   0x00000006   Code   RO          447    .ARM.Collect$$_printf_percent$$00000003  c_w.l(_printf_f.o)
    0x080001ea   0x080001ea   0x00000006   Code   RO          446    .ARM.Collect$$_printf_percent$$00000009  c_w.l(_printf_d.o)
    0x080001f0   0x080001f0   0x00000004   Code   RO          560    .ARM.Collect$$_printf_percent$$00000017  c_w.l(_printf_percent_end.o)
    0x080001f4   0x080001f4   0x00000002   Code   RO          726    .ARM.Collect$$libinit$$00000000  c_w.l(libinit.o)
    0x080001f6   0x080001f6   0x00000000   Code   RO          728    .ARM.Collect$$libinit$$00000002  c_w.l(libinit2.o)
    0x080001f6   0x080001f6   0x00000000   Code   RO          730    .ARM.Collect$$libinit$$00000004  c_w.l(libinit2.o)
    0x080001f6   0x080001f6   0x00000000   Code   RO          733    .ARM.Collect$$libinit$$0000000A  c_w.l(libinit2.o)
    0x080001f6   0x080001f6   0x00000000   Code   RO          735    .ARM.Collect$$libinit$$0000000C  c_w.l(libinit2.o)
    0x080001f6   0x080001f6   0x00000000   Code   RO          737    .ARM.Collect$$libinit$$0000000E  c_w.l(libinit2.o)
    0x080001f6   0x080001f6   0x00000006   Code   RO          738    .ARM.Collect$$libinit$$0000000F  c_w.l(libinit2.o)
    0x080001fc   0x080001fc   0x00000000   Code   RO          740    .ARM.Collect$$libinit$$00000011  c_w.l(libinit2.o)
    0x080001fc   0x080001fc   0x00000000   Code   RO          742    .ARM.Collect$$libinit$$00000013  c_w.l(libinit2.o)
    0x080001fc   0x080001fc   0x00000000   Code   RO          744    .ARM.Collect$$libinit$$00000015  c_w.l(libinit2.o)
    0x080001fc   0x080001fc   0x0000000a   Code   RO          745    .ARM.Collect$$libinit$$00000016  c_w.l(libinit2.o)
    0x08000206   0x08000206   0x00000000   Code   RO          746    .ARM.Collect$$libinit$$00000017  c_w.l(libinit2.o)
    0x08000206   0x08000206   0x00000000   Code   RO          748    .ARM.Collect$$libinit$$00000019  c_w.l(libinit2.o)
    0x08000206   0x08000206   0x00000000   Code   RO          750    .ARM.Collect$$libinit$$0000001B  c_w.l(libinit2.o)
    0x08000206   0x08000206   0x00000000   Code   RO          752    .ARM.Collect$$libinit$$0000001D  c_w.l(libinit2.o)
    0x08000206   0x08000206   0x00000000   Code   RO          754    .ARM.Collect$$libinit$$0000001F  c_w.l(libinit2.o)
    0x08000206   0x08000206   0x00000000   Code   RO          756    .ARM.Collect$$libinit$$00000021  c_w.l(libinit2.o)
    0x08000206   0x08000206   0x00000000   Code   RO          758    .ARM.Collect$$libinit$$00000023  c_w.l(libinit2.o)
    0x08000206   0x08000206   0x00000000   Code   RO          760    .ARM.Collect$$libinit$$00000025  c_w.l(libinit2.o)
    0x08000206   0x08000206   0x00000000   Code   RO          764    .ARM.Collect$$libinit$$0000002C  c_w.l(libinit2.o)
    0x08000206   0x08000206   0x00000000   Code   RO          766    .ARM.Collect$$libinit$$0000002E  c_w.l(libinit2.o)
    0x08000206   0x08000206   0x00000000   Code   RO          768    .ARM.Collect$$libinit$$00000030  c_w.l(libinit2.o)
    0x08000206   0x08000206   0x00000000   Code   RO          770    .ARM.Collect$$libinit$$00000032  c_w.l(libinit2.o)
    0x08000206   0x08000206   0x00000002   Code   RO          771    .ARM.Collect$$libinit$$00000033  c_w.l(libinit2.o)
    0x08000208   0x08000208   0x00000002   Code   RO          819    .ARM.Collect$$libshutdown$$00000000  c_w.l(libshutdown.o)
    0x0800020a   0x0800020a   0x00000000   Code   RO          828    .ARM.Collect$$libshutdown$$00000002  c_w.l(libshutdown2.o)
    0x0800020a   0x0800020a   0x00000000   Code   RO          830    .ARM.Collect$$libshutdown$$00000004  c_w.l(libshutdown2.o)
    0x0800020a   0x0800020a   0x00000000   Code   RO          833    .ARM.Collect$$libshutdown$$00000007  c_w.l(libshutdown2.o)
    0x0800020a   0x0800020a   0x00000000   Code   RO          836    .ARM.Collect$$libshutdown$$0000000A  c_w.l(libshutdown2.o)
    0x0800020a   0x0800020a   0x00000000   Code   RO          838    .ARM.Collect$$libshutdown$$0000000C  c_w.l(libshutdown2.o)
    0x0800020a   0x0800020a   0x00000000   Code   RO          841    .ARM.Collect$$libshutdown$$0000000F  c_w.l(libshutdown2.o)
    0x0800020a   0x0800020a   0x00000002   Code   RO          842    .ARM.Collect$$libshutdown$$00000010  c_w.l(libshutdown2.o)
    0x0800020c   0x0800020c   0x00000000   Code   RO          549    .ARM.Collect$$rtentry$$00000000  c_w.l(__rtentry.o)
    0x0800020c   0x0800020c   0x00000000   Code   RO          628    .ARM.Collect$$rtentry$$00000002  c_w.l(__rtentry2.o)
    0x0800020c   0x0800020c   0x00000006   Code   RO          640    .ARM.Collect$$rtentry$$00000004  c_w.l(__rtentry4.o)
    0x08000212   0x08000212   0x00000000   Code   RO          630    .ARM.Collect$$rtentry$$00000009  c_w.l(__rtentry2.o)
    0x08000212   0x08000212   0x00000004   Code   RO          631    .ARM.Collect$$rtentry$$0000000A  c_w.l(__rtentry2.o)
    0x08000216   0x08000216   0x00000000   Code   RO          633    .ARM.Collect$$rtentry$$0000000C  c_w.l(__rtentry2.o)
    0x08000216   0x08000216   0x00000008   Code   RO          634    .ARM.Collect$$rtentry$$0000000D  c_w.l(__rtentry2.o)
    0x0800021e   0x0800021e   0x00000002   Code   RO          776    .ARM.Collect$$rtexit$$00000000  c_w.l(rtexit.o)
    0x08000220   0x08000220   0x00000000   Code   RO          789    .ARM.Collect$$rtexit$$00000002  c_w.l(rtexit2.o)
    0x08000220   0x08000220   0x00000004   Code   RO          790    .ARM.Collect$$rtexit$$00000003  c_w.l(rtexit2.o)
    0x08000224   0x08000224   0x00000006   Code   RO          791    .ARM.Collect$$rtexit$$00000004  c_w.l(rtexit2.o)
    0x0800022a   0x0800022a   0x00000002   PAD
    0x0800022c   0x0800022c   0x0000000c   Code   RO          147    .emb_text           sys.o
    0x08000238   0x08000238   0x00000038   Code   RO            4    .text               startup_stm32f10x_hd.o
    0x08000270   0x08000270   0x00000158   Code   RO           10    .text               minibalance.o
    0x080003c8   0x080003c8   0x000000b0   Code   RO          129    .text               delay.o
    0x08000478   0x08000478   0x000002bc   Code   RO          148    .text               sys.o
    0x08000734   0x08000734   0x00000258   Code   RO          163    .text               usart.o
    0x0800098c   0x0800098c   0x0000046e   Code   RO          188    .text               oled.o
    0x08000dfa   0x08000dfa   0x00000002   PAD
    0x08000dfc   0x08000dfc   0x000001a4   Code   RO          207    .text               usartx.o
    0x08000fa0   0x08000fa0   0x00000074   Code   RO          220    .text               led.o
    0x08001014   0x08001014   0x00000434   Code   RO          233    .text               encoder.o
    0x08001448   0x08001448   0x0000051a   Code   RO          245    .text               ioi2c.o
    0x08001962   0x08001962   0x00000002   PAD
    0x08001964   0x08001964   0x00000054   Code   RO          257    .text               exti.o
    0x080019b8   0x080019b8   0x00000238   Code   RO          272    .text               motor.o
    0x08001bf0   0x08001bf0   0x00000228   Code   RO          284    .text               chaosheng.o
    0x08001e18   0x08001e18   0x00000640   Code   RO          315    .text               show.o
    0x08002458   0x08002458   0x00001e90   Code   RO          330    .text               inv_mpu.o
    0x080042e8   0x080042e8   0x00000d70   Code   RO          354    .text               inv_mpu_dmp_motion_driver.o
    0x08005058   0x08005058   0x0000077c   Code   RO          369    .text               mpu6050.o
    0x080057d4   0x080057d4   0x00000b38   Code   RO          393    .text               control.o
    0x0800630c   0x0800630c   0x00000002   Code   RO          414    .text               c_w.l(use_no_semi_2.o)
    0x0800630e   0x0800630e   0x00000048   Code   RO          416    .text               c_w.l(llsdiv.o)
    0x08006356   0x08006356   0x00000002   PAD
    0x08006358   0x08006358   0x00000018   Code   RO          420    .text               c_w.l(noretval__2printf.o)
    0x08006370   0x08006370   0x00000068   Code   RO          422    .text               c_w.l(__printf.o)
    0x080063d8   0x080063d8   0x00000078   Code   RO          424    .text               c_w.l(_printf_dec.o)
    0x08006450   0x08006450   0x00000058   Code   RO          449    .text               c_w.l(memcmp.o)
    0x080064a8   0x080064a8   0x00000010   Code   RO          451    .text               c_w.l(aeabi_memset.o)
    0x080064b8   0x080064b8   0x00000006   Code   RO          453    .text               c_w.l(heapauxi.o)
    0x080064be   0x080064be   0x00000002   Code   RO          547    .text               c_w.l(use_no_semi.o)
    0x080064c0   0x080064c0   0x000000ee   Code   RO          550    .text               c_w.l(lludivv7m.o)
    0x080065ae   0x080065ae   0x00000016   Code   RO          552    .text               c_w.l(_rserrno.o)
    0x080065c4   0x080065c4   0x000000b2   Code   RO          554    .text               c_w.l(_printf_intcommon.o)
    0x08006676   0x08006676   0x0000041e   Code   RO          556    .text               c_w.l(_printf_fp_dec.o)
    0x08006a94   0x08006a94   0x00000024   Code   RO          558    .text               c_w.l(_printf_char_file.o)
    0x08006ab8   0x08006ab8   0x00000044   Code   RO          561    .text               c_w.l(rt_memclr.o)
    0x08006afc   0x08006afc   0x00000008   Code   RO          649    .text               c_w.l(rt_locale_intlibspace.o)
    0x08006b04   0x08006b04   0x00000008   Code   RO          654    .text               c_w.l(rt_errno_addr_intlibspace.o)
    0x08006b0c   0x08006b0c   0x0000008a   Code   RO          656    .text               c_w.l(lludiv10.o)
    0x08006b96   0x08006b96   0x00000002   PAD
    0x08006b98   0x08006b98   0x00000030   Code   RO          658    .text               c_w.l(_printf_char_common.o)
    0x08006bc8   0x08006bc8   0x00000080   Code   RO          660    .text               c_w.l(_printf_fp_infnan.o)
    0x08006c48   0x08006c48   0x000000e4   Code   RO          662    .text               c_w.l(bigflt0.o)
    0x08006d2c   0x08006d2c   0x00000008   Code   RO          687    .text               c_w.l(ferror.o)
    0x08006d34   0x08006d34   0x0000004e   Code   RO          694    .text               c_w.l(rt_memclr_w.o)
    0x08006d82   0x08006d82   0x00000002   PAD
    0x08006d84   0x08006d84   0x00000008   Code   RO          708    .text               c_w.l(libspace.o)
    0x08006d8c   0x08006d8c   0x0000004a   Code   RO          711    .text               c_w.l(sys_stackheap_outer.o)
    0x08006dd6   0x08006dd6   0x00000012   Code   RO          717    .text               c_w.l(exit.o)
    0x08006de8   0x08006de8   0x00000080   Code   RO          719    .text               c_w.l(strcmpv7m.o)
    0x08006e68   0x08006e68   0x0000003e   Code   RO          665    CL$$btod_d2e        c_w.l(btod.o)
    0x08006ea6   0x08006ea6   0x00000046   Code   RO          667    CL$$btod_d2e_denorm_low  c_w.l(btod.o)
    0x08006eec   0x08006eec   0x00000060   Code   RO          666    CL$$btod_d2e_norm_op1  c_w.l(btod.o)
    0x08006f4c   0x08006f4c   0x00000338   Code   RO          675    CL$$btod_div_common  c_w.l(btod.o)
    0x08007284   0x08007284   0x000000dc   Code   RO          672    CL$$btod_e2e        c_w.l(btod.o)
    0x08007360   0x08007360   0x0000002a   Code   RO          669    CL$$btod_ediv       c_w.l(btod.o)
    0x0800738a   0x0800738a   0x0000002a   Code   RO          668    CL$$btod_emul       c_w.l(btod.o)
    0x080073b4   0x080073b4   0x00000244   Code   RO          674    CL$$btod_mult_common  c_w.l(btod.o)
    0x080075f8   0x080075f8   0x00000028   Code   RO          603    i.__ARM_fpclassify  m_ws.l(fpclassify.o)
    0x08007620   0x08007620   0x00000388   Code   RO          608    i.__ieee754_rem_pio2  m_ws.l(rred.o)
    0x080079a8   0x080079a8   0x000000fc   Code   RO          586    i.__kernel_cos      m_ws.l(cos_i.o)
    0x08007aa4   0x08007aa4   0x000000aa   Code   RO          605    i.__kernel_poly     m_ws.l(poly.o)
    0x08007b4e   0x08007b4e   0x00000002   PAD
    0x08007b50   0x08007b50   0x000000ec   Code   RO          613    i.__kernel_sin      m_ws.l(sin_i.o)
    0x08007c3c   0x08007c3c   0x00000006   Code   RO          590    i.__mathlib_dbl_infnan  m_ws.l(dunder.o)
    0x08007c42   0x08007c42   0x00000004   Code   RO          591    i.__mathlib_dbl_infnan2  m_ws.l(dunder.o)
    0x08007c46   0x08007c46   0x0000000c   Code   RO          592    i.__mathlib_dbl_invalid  m_ws.l(dunder.o)
    0x08007c52   0x08007c52   0x00000002   PAD
    0x08007c54   0x08007c54   0x00000010   Code   RO          595    i.__mathlib_dbl_underflow  m_ws.l(dunder.o)
    0x08007c64   0x08007c64   0x00000270   Code   RO          514    i.asin              m_ws.l(asin.o)
    0x08007ed4   0x08007ed4   0x00000220   Code   RO          577    i.atan              m_ws.l(atan.o)
    0x080080f4   0x080080f4   0x00000180   Code   RO          524    i.atan2             m_ws.l(atan2.o)
    0x08008274   0x08008274   0x0000009c   Code   RO          532    i.cos               m_ws.l(cos.o)
    0x08008310   0x08008310   0x000000a0   Code   RO          540    i.sin               m_ws.l(sin.o)
    0x080083b0   0x080083b0   0x0000004c   Code   RO          620    i.sqrt              m_ws.l(sqrt.o)
    0x080083fc   0x080083fc   0x0000002c   Code   RO          692    locale$$code        c_w.l(lc_numeric_c.o)
    0x08008428   0x08008428   0x00000062   Code   RO          457    x$fpl$d2f           fz_ws.l(d2f.o)
    0x0800848a   0x0800848a   0x00000002   PAD
    0x0800848c   0x0800848c   0x00000150   Code   RO          459    x$fpl$dadd          fz_ws.l(daddsub_clz.o)
    0x080085dc   0x080085dc   0x00000010   Code   RO          696    x$fpl$dcheck1       fz_ws.l(dcheck1.o)
    0x080085ec   0x080085ec   0x000002b0   Code   RO          466    x$fpl$ddiv          fz_ws.l(ddiv.o)
    0x0800889c   0x0800889c   0x0000005e   Code   RO          698    x$fpl$dfix          fz_ws.l(dfix.o)
    0x080088fa   0x080088fa   0x0000002e   Code   RO          470    x$fpl$dflt          fz_ws.l(dflt_clz.o)
    0x08008928   0x08008928   0x00000026   Code   RO          469    x$fpl$dfltu         fz_ws.l(dflt_clz.o)
    0x0800894e   0x0800894e   0x00000002   PAD
    0x08008950   0x08008950   0x00000154   Code   RO          475    x$fpl$dmul          fz_ws.l(dmul.o)
    0x08008aa4   0x08008aa4   0x0000009c   Code   RO          563    x$fpl$dnaninf       fz_ws.l(dnaninf.o)
    0x08008b40   0x08008b40   0x0000000c   Code   RO          565    x$fpl$dretinf       fz_ws.l(dretinf.o)
    0x08008b4c   0x08008b4c   0x00000016   Code   RO          460    x$fpl$drsb          fz_ws.l(daddsub_clz.o)
    0x08008b62   0x08008b62   0x00000002   PAD
    0x08008b64   0x08008b64   0x000001cc   Code   RO          704    x$fpl$dsqrt         fz_ws.l(dsqrt_noumaal.o)
    0x08008d30   0x08008d30   0x000001d4   Code   RO          461    x$fpl$dsub          fz_ws.l(daddsub_clz.o)
    0x08008f04   0x08008f04   0x00000056   Code   RO          477    x$fpl$f2d           fz_ws.l(f2d.o)
    0x08008f5a   0x08008f5a   0x00000002   PAD
    0x08008f5c   0x08008f5c   0x000000c4   Code   RO          479    x$fpl$fadd          fz_ws.l(faddsub_clz.o)
    0x08009020   0x08009020   0x00000018   Code   RO          567    x$fpl$fcmpinf       fz_ws.l(fcmpi.o)
    0x08009038   0x08009038   0x00000184   Code   RO          486    x$fpl$fdiv          fz_ws.l(fdiv.o)
    0x080091bc   0x080091bc   0x00000068   Code   RO          489    x$fpl$feqf          fz_ws.l(feqf.o)
    0x08009224   0x08009224   0x00000036   Code   RO          491    x$fpl$ffix          fz_ws.l(ffix.o)
    0x0800925a   0x0800925a   0x00000002   PAD
    0x0800925c   0x0800925c   0x0000003e   Code   RO          495    x$fpl$ffixu         fz_ws.l(ffixu.o)
    0x0800929a   0x0800929a   0x00000002   PAD
    0x0800929c   0x0800929c   0x00000030   Code   RO          500    x$fpl$fflt          fz_ws.l(fflt_clz.o)
    0x080092cc   0x080092cc   0x00000026   Code   RO          499    x$fpl$ffltu         fz_ws.l(fflt_clz.o)
    0x080092f2   0x080092f2   0x00000002   PAD
    0x080092f4   0x080092f4   0x00000068   Code   RO          505    x$fpl$fleqf         fz_ws.l(fleqf.o)
    0x0800935c   0x0800935c   0x00000102   Code   RO          507    x$fpl$fmul          fz_ws.l(fmul.o)
    0x0800945e   0x0800945e   0x0000008c   Code   RO          569    x$fpl$fnaninf       fz_ws.l(fnaninf.o)
    0x080094ea   0x080094ea   0x0000000a   Code   RO          571    x$fpl$fretinf       fz_ws.l(fretinf.o)
    0x080094f4   0x080094f4   0x00000062   Code   RO          509    x$fpl$frleqf        fz_ws.l(frleqf.o)
    0x08009556   0x08009556   0x00000014   Code   RO          480    x$fpl$frsb          fz_ws.l(faddsub_clz.o)
    0x0800956a   0x0800956a   0x00000002   PAD
    0x0800956c   0x0800956c   0x000000ea   Code   RO          481    x$fpl$fsub          fz_ws.l(faddsub_clz.o)
    0x08009656   0x08009656   0x00000004   Code   RO          511    x$fpl$printf1       fz_ws.l(printf1.o)
    0x0800965a   0x0800965a   0x00000064   Code   RO          774    x$fpl$retnan        fz_ws.l(retnan.o)
    0x080096be   0x080096be   0x0000005c   Code   RO          573    x$fpl$scalbn        fz_ws.l(scalbn.o)
    0x0800971a   0x0800971a   0x00000030   Code   RO          786    x$fpl$trapveneer    fz_ws.l(trapv.o)
    0x0800974a   0x0800974a   0x00000000   Code   RO          575    x$fpl$usenofp       fz_ws.l(usenofp.o)
    0x0800974a   0x0800974a   0x00000a64   Data   RO          190    .constdata          oled.o
    0x0800a1ae   0x0800a1ae   0x00000002   PAD
    0x0800a1b0   0x0800a1b0   0x00000050   Data   RO          331    .constdata          inv_mpu.o
    0x0800a200   0x0800a200   0x00000bf6   Data   RO          356    .constdata          inv_mpu_dmp_motion_driver.o
    0x0800adf6   0x0800adf6   0x00000002   PAD
    0x0800adf8   0x0800adf8   0x00000050   Data   RO          515    .constdata          m_ws.l(asin.o)
    0x0800ae48   0x0800ae48   0x00000098   Data   RO          578    .constdata          m_ws.l(atan.o)
    0x0800aee0   0x0800aee0   0x00000030   Data   RO          587    .constdata          m_ws.l(cos_i.o)
    0x0800af10   0x0800af10   0x00000008   Data   RO          607    .constdata          m_ws.l(qnan.o)
    0x0800af18   0x0800af18   0x000000c8   Data   RO          610    .constdata          m_ws.l(rred.o)
    0x0800afe0   0x0800afe0   0x00000028   Data   RO          614    .constdata          m_ws.l(sin_i.o)
    0x0800b008   0x0800b008   0x00000094   Data   RO          663    .constdata          c_w.l(bigflt0.o)
    0x0800b09c   0x0800b09c   0x0000004e   Data   RO          332    .conststring        inv_mpu.o
    0x0800b0ea   0x0800b0ea   0x00000002   PAD
    0x0800b0ec   0x0800b0ec   0x00000020   Data   RO          857    Region$$Table       anon$$obj.o
    0x0800b10c   0x0800b10c   0x0000001c   Data   RO          691    locale$$data        c_w.l(lc_numeric_c.o)


    Execution Region RW_IRAM1 (Exec base: 0x20000000, Load base: 0x0800b128, Size: 0x00000d20, Max: 0x0000c000, ABSOLUTE, COMPRESSED[0x00000030])

    Exec Addr    Load Addr    Size         Type   Attr      Idx    E Section Name        Object

    0x20000000   COMPRESSED   0x00000109   Data   RW           12    .data               minibalance.o
    0x20000109   COMPRESSED   0x00000001   PAD
    0x2000010a   COMPRESSED   0x00000004   Data   RW          130    .data               delay.o
    0x2000010e   COMPRESSED   0x00000002   PAD
    0x20000110   COMPRESSED   0x00000009   Data   RW          164    .data               usart.o
    0x20000119   COMPRESSED   0x00000003   Data   RW          208    .data               usartx.o
    0x2000011c   COMPRESSED   0x00000004   Data   RW          221    .data               led.o
    0x20000120   COMPRESSED   0x00000004   Data   RW          285    .data               chaosheng.o
    0x20000124   COMPRESSED   0x0000002c   Data   RW          333    .data               inv_mpu.o
    0x20000150   COMPRESSED   0x00000030   Data   RW          371    .data               mpu6050.o
    0x20000180   COMPRESSED   0x00000048   Data   RW          394    .data               control.o
    0x200001c8        -       0x0000004e   Zero   RW           11    .bss                minibalance.o
    0x20000216        -       0x00000400   Zero   RW          189    .bss                oled.o
    0x20000616   COMPRESSED   0x00000002   PAD
    0x20000618        -       0x00000010   Zero   RW          355    .bss                inv_mpu_dmp_motion_driver.o
    0x20000628        -       0x00000092   Zero   RW          370    .bss                mpu6050.o
    0x200006ba   COMPRESSED   0x00000002   PAD
    0x200006bc        -       0x00000060   Zero   RW          709    .bss                c_w.l(libspace.o)
    0x2000071c   COMPRESSED   0x00000004   PAD
    0x20000720        -       0x00000200   Zero   RW            2    HEAP                startup_stm32f10x_hd.o
    0x20000920        -       0x00000400   Zero   RW            1    STACK               startup_stm32f10x_hd.o


==============================================================================

Image component sizes


      Code (inc. data)   RO Data    RW Data    ZI Data      Debug   Object Name

       552         40          0          4          0       1518   chaosheng.o
      2872        400          0         72          0       4769   control.o
       176          8          0          4          0       1039   delay.o
      1076         38          0          0          0       1927   encoder.o
        84          8          0          0          0        460   exti.o
      7824        172        158         44          0      21579   inv_mpu.o
      3440        126       3062          0         16      15095   inv_mpu_dmp_motion_driver.o
      1306         16          0          0          0       5770   ioi2c.o
       116         20          0          4          0        641   led.o
       344         56          0        265         78     210766   minibalance.o
       568         44          0          0          0        946   motor.o
      1916        148          0         48        146      20715   mpu6050.o
      1134         42       2660          0       1024       4547   oled.o
      1600         78          0          0          0        728   show.o
        56         22        304          0       1536        804   startup_stm32f10x_hd.o
       712         44          0          0          0       2819   sys.o
       600         34          0          9          0       3609   usart.o
       420         40          0          3          0       1243   usartx.o

    ----------------------------------------------------------------------
     24800       1336       6222        456       2804     298975   Object Totals
         0          0         32          0          0          0   (incl. Generated)
         4          0          6          3          4          0   (incl. Padding)

    ----------------------------------------------------------------------

      Code (inc. data)   RO Data    RW Data    ZI Data      Debug   Library Member Name

        90          0          0          0          0          0   __dczerorl2.o
         8          0          0          0          0         68   __main.o
       104          0          0          0          0         84   __printf.o
         0          0          0          0          0          0   __rtentry.o
        12          0          0          0          0          0   __rtentry2.o
         6          0          0          0          0          0   __rtentry4.o
        52          8          0          0          0          0   __scatter.o
        28          0          0          0          0          0   __scatter_zi.o
        48          6          0          0          0         96   _printf_char_common.o
        36          4          0          0          0         80   _printf_char_file.o
         6          0          0          0          0          0   _printf_d.o
       120         16          0          0          0         92   _printf_dec.o
         6          0          0          0          0          0   _printf_f.o
      1054          0          0          0          0        216   _printf_fp_dec.o
       128         16          0          0          0         84   _printf_fp_infnan.o
       178          0          0          0          0         88   _printf_intcommon.o
         0          0          0          0          0          0   _printf_percent.o
         4          0          0          0          0          0   _printf_percent_end.o
        22          0          0          0          0        100   _rserrno.o
        16          0          0          0          0         68   aeabi_memset.o
       228          4        148          0          0         96   bigflt0.o
      1936        128          0          0          0        672   btod.o
        18          0          0          0          0         80   exit.o
         8          0          0          0          0         68   ferror.o
         6          0          0          0          0        152   heapauxi.o
        44         10         28          0          0         76   lc_numeric_c.o
         2          0          0          0          0          0   libinit.o
        18          0          0          0          0          0   libinit2.o
         2          0          0          0          0          0   libshutdown.o
         2          0          0          0          0          0   libshutdown2.o
         8          4          0          0         96         68   libspace.o
        72          0          0          0          0         76   llsdiv.o
       138          0          0          0          0         80   lludiv10.o
       238          0          0          0          0        100   lludivv7m.o
        88          0          0          0          0         76   memcmp.o
        24          4          0          0          0         84   noretval__2printf.o
         8          4          0          0          0         68   rt_errno_addr_intlibspace.o
         8          4          0          0          0         68   rt_locale_intlibspace.o
        68          0          0          0          0         68   rt_memclr.o
        78          0          0          0          0         80   rt_memclr_w.o
         2          0          0          0          0          0   rtexit.o
        10          0          0          0          0          0   rtexit2.o
       128          0          0          0          0         68   strcmpv7m.o
        74          0          0          0          0         80   sys_stackheap_outer.o
         2          0          0          0          0         68   use_no_semi.o
         2          0          0          0          0         68   use_no_semi_2.o
        98          4          0          0          0         92   d2f.o
       826         16          0          0          0        348   daddsub_clz.o
        16          4          0          0          0         68   dcheck1.o
       688        140          0          0          0        208   ddiv.o
        94          4          0          0          0         92   dfix.o
        84          0          0          0          0        136   dflt_clz.o
       340         12          0          0          0        104   dmul.o
       156          4          0          0          0         92   dnaninf.o
        12          0          0          0          0         68   dretinf.o
       460         56          0          0          0        120   dsqrt_noumaal.o
        86          4          0          0          0         84   f2d.o
       450          8          0          0          0        236   faddsub_clz.o
        24          0          0          0          0         68   fcmpi.o
       388         76          0          0          0         96   fdiv.o
       104          4          0          0          0         84   feqf.o
        54          4          0          0          0         84   ffix.o
        62          4          0          0          0         84   ffixu.o
        86          0          0          0          0        136   fflt_clz.o
       104          4          0          0          0         84   fleqf.o
       258          4          0          0          0         84   fmul.o
       140          4          0          0          0         84   fnaninf.o
        10          0          0          0          0         68   fretinf.o
        98          0          0          0          0         68   frleqf.o
         4          0          0          0          0         68   printf1.o
       100          0          0          0          0         68   retnan.o
        92          0          0          0          0         68   scalbn.o
        48          0          0          0          0         68   trapv.o
         0          0          0          0          0          0   usenofp.o
       624         52         80          0          0        168   asin.o
       544         70        152          0          0        124   atan.o
       384         38          0          0          0        144   atan2.o
       156          8          0          0          0        104   cos.o
       252         22         48          0          0        124   cos_i.o
        38          6          0          0          0        272   dunder.o
        40          0          0          0          0         68   fpclassify.o
       170          0          0          0          0         96   poly.o
         0          0          8          0          0          0   qnan.o
       904         76        200          0          0        140   rred.o
       160         10          0          0          0        108   sin.o
       236         12         40          0          0        128   sin_i.o
        76          0          0          0          0         84   sqrt.o

    ----------------------------------------------------------------------
     13626        854        704          0        100       7592   Library Totals
        30          0          0          0          4          0   (incl. Padding)

    ----------------------------------------------------------------------

      Code (inc. data)   RO Data    RW Data    ZI Data      Debug   Library Name

      5130        208        176          0         96       3172   c_w.l
      4882        352          0          0          0       2860   fz_ws.l
      3584        294        528          0          0       1560   m_ws.l

    ----------------------------------------------------------------------
     13626        854        704          0        100       7592   Library Totals

    ----------------------------------------------------------------------

==============================================================================


      Code (inc. data)   RO Data    RW Data    ZI Data      Debug   

     38426       2190       6926        456       2904     300635   Grand Totals
     38426       2190       6926         48       2904     300635   ELF Image Totals (compressed)
     38426       2190       6926         48          0          0   ROM Totals

==============================================================================

    Total RO  Size (Code + RO Data)                45352 (  44.29kB)
    Total RW  Size (RW Data + ZI Data)              3360 (   3.28kB)
    Total ROM Size (Code + RO Data + RW Data)      45400 (  44.34kB)

==============================================================================

